CCS PCM C Compiler, Version 4.104, 5967               22-nov.-18 19:41

               Filename: P:\Google\Universidad\2018_II\Microprocesamiento\Tercer Seguimiento\Rbot-explorer\PIC\SerialPCW\SerialPCW.lst

               ROM used: 161 words (2%)
                         Largest free fragment is 2048
               RAM used: 7 (2%) at main() level
                         8 (2%) worst case
               Stack:    1 locations

*
0000:  MOVLW  00
0001:  MOVWF  0A
0002:  GOTO   01B
0003:  NOP
.................... #include <16f887.h> 
.................... //////// Standard Header file for the PIC16F887 device //////////////// 
.................... #device PIC16F887 
.................... #list 
....................  
.................... #use delay (clock = 48000000) 
*
0004:  MOVLW  23
0005:  MOVWF  04
0006:  BCF    03.7
0007:  MOVF   00,W
0008:  BTFSC  03.2
0009:  GOTO   018
000A:  MOVLW  0F
000B:  MOVWF  78
000C:  CLRF   77
000D:  DECFSZ 77,F
000E:  GOTO   00D
000F:  DECFSZ 78,F
0010:  GOTO   00C
0011:  MOVLW  8F
0012:  MOVWF  77
0013:  DECFSZ 77,F
0014:  GOTO   013
0015:  NOP
0016:  DECFSZ 00,F
0017:  GOTO   00A
0018:  BCF    0A.3
0019:  BCF    0A.4
001A:  GOTO   049 (RETURN)
.................... #use RS232 (BAUD=9600,BITS=8,PARITY=N,XMIT=PIN_C6,RCV=PIN_C7) 
.................... //# org 0x000, 0x1fff{} 
....................  
.................... #use fast_io(b)   
.................... #define swo pin_B7 
....................  
....................  
....................  
.................... void main(){ 
001B:  CLRF   04
001C:  BCF    03.7
001D:  MOVLW  1F
001E:  ANDWF  03,F
001F:  BSF    03.5
0020:  BSF    03.6
0021:  BSF    07.3
0022:  MOVLW  E1
0023:  BCF    03.6
0024:  MOVWF  19
0025:  MOVLW  04
0026:  MOVWF  1A
0027:  MOVLW  A6
0028:  MOVWF  18
0029:  MOVLW  90
002A:  BCF    03.5
002B:  MOVWF  18
002C:  BSF    03.5
002D:  BSF    03.6
002E:  MOVF   09,W
002F:  ANDLW  C0
0030:  MOVWF  09
0031:  BCF    03.6
0032:  BCF    1F.4
0033:  BCF    1F.5
0034:  MOVLW  00
0035:  BSF    03.6
0036:  MOVWF  08
0037:  BCF    03.5
0038:  CLRF   07
0039:  CLRF   08
003A:  CLRF   09
....................  int conteo; 
.................... set_tris_d(0b00000000); 
003B:  MOVLW  00
003C:  BSF    03.5
003D:  BCF    03.6
003E:  MOVWF  08
....................  
....................  
.................... while(1){ 
....................  
....................  
.................... if(input(swo)==1){ 
003F:  BCF    03.5
0040:  BTFSS  06.7
0041:  GOTO   04F
.................... conteo=conteo+1; 
0042:  MOVLW  01
0043:  ADDWF  21,F
.................... delay_ms(500); 
0044:  MOVLW  02
0045:  MOVWF  22
0046:  MOVLW  FA
0047:  MOVWF  23
0048:  GOTO   004
0049:  DECFSZ 22,F
004A:  GOTO   046
.................... if (conteo>10)  
004B:  MOVF   21,W
004C:  SUBLW  0A
004D:  BTFSS  03.0
.................... conteo = 0x00;    
004E:  CLRF   21
....................    
.................... } 
....................  
.................... putc(conteo);   
004F:  MOVF   21,W
0050:  BTFSS  0C.4
0051:  GOTO   050
0052:  MOVWF  19
....................  
....................          switch(conteo){ 
0053:  MOVF   21,W
0054:  ADDLW  F6
0055:  BTFSC  03.0
0056:  GOTO   091
0057:  ADDLW  0A
0058:  GOTO   093
....................      
....................          case 0: 
....................          output_b (0b1000000); 
0059:  MOVLW  40
005A:  MOVWF  06
....................          
....................          break;          
005B:  GOTO   091
....................          case 1: 
....................          output_d (0b1111001); 
005C:  BSF    03.5
005D:  CLRF   08
005E:  MOVLW  79
005F:  BCF    03.5
0060:  MOVWF  08
....................          
....................          break;  
0061:  GOTO   091
....................          case 2: 
....................          output_d (0b0100100); 
0062:  BSF    03.5
0063:  CLRF   08
0064:  MOVLW  24
0065:  BCF    03.5
0066:  MOVWF  08
....................          break;           
0067:  GOTO   091
....................          case 3: 
....................          output_d (0b0110000); 
0068:  BSF    03.5
0069:  CLRF   08
006A:  MOVLW  30
006B:  BCF    03.5
006C:  MOVWF  08
....................          break;           
006D:  GOTO   091
....................          case 4: 
....................          output_d (0b0011001); 
006E:  BSF    03.5
006F:  CLRF   08
0070:  MOVLW  19
0071:  BCF    03.5
0072:  MOVWF  08
....................          break;                   
0073:  GOTO   091
....................          case 5: 
....................          output_d (0x12); 
0074:  BSF    03.5
0075:  CLRF   08
0076:  MOVLW  12
0077:  BCF    03.5
0078:  MOVWF  08
....................          break;    
0079:  GOTO   091
....................          case 6: 
....................          output_d (0x02); 
007A:  BSF    03.5
007B:  CLRF   08
007C:  MOVLW  02
007D:  BCF    03.5
007E:  MOVWF  08
....................          break; 
007F:  GOTO   091
....................          case 7: 
....................          output_d (0x78); 
0080:  BSF    03.5
0081:  CLRF   08
0082:  MOVLW  78
0083:  BCF    03.5
0084:  MOVWF  08
....................          break;    
0085:  GOTO   091
....................          case 8: 
....................          output_d (0x00); 
0086:  BSF    03.5
0087:  CLRF   08
0088:  BCF    03.5
0089:  CLRF   08
....................          break;  
008A:  GOTO   091
....................          case 9: 
....................          output_d (0x18); 
008B:  BSF    03.5
008C:  CLRF   08
008D:  MOVLW  18
008E:  BCF    03.5
008F:  MOVWF  08
....................          break;  
0090:  GOTO   091
....................           
....................  
....................           
....................          } 
....................  
....................  
.................... } 
0091:  GOTO   040
....................  
....................  
....................  
....................  
.................... } 
....................  
0092:  SLEEP

Configuration Fuses:
   Word  1: 2FE7   RC NOWDT PUT MCLR NOPROTECT NOCPD BROWNOUT IESO FCMEN NOLVP NODEBUG
   Word  2: 3FFF   NOWRT BORV40
